Archive member included to satisfy reference by file (symbol)

/usr/lib/gcc/arm-none-eabi/14.2.0/../../../../arm-none-eabi/lib/thumb/v7e-m/nofp/libg_nano.a(libc_a-atexit.o)
                              /usr/lib/gcc/arm-none-eabi/14.2.0/../../../../arm-none-eabi/lib/thumb/v7e-m/nofp/crt0.o (atexit)
/usr/lib/gcc/arm-none-eabi/14.2.0/../../../../arm-none-eabi/lib/thumb/v7e-m/nofp/libg_nano.a(libc_a-exit.o)
                              /usr/lib/gcc/arm-none-eabi/14.2.0/../../../../arm-none-eabi/lib/thumb/v7e-m/nofp/crt0.o (exit)
/usr/lib/gcc/arm-none-eabi/14.2.0/../../../../arm-none-eabi/lib/thumb/v7e-m/nofp/libg_nano.a(libc_a-findfp.o)
                              /usr/lib/gcc/arm-none-eabi/14.2.0/../../../../arm-none-eabi/lib/thumb/v7e-m/nofp/libg_nano.a(libc_a-exit.o) (__stdio_exit_handler)
/usr/lib/gcc/arm-none-eabi/14.2.0/../../../../arm-none-eabi/lib/thumb/v7e-m/nofp/libg_nano.a(libc_a-fwalk.o)
                              /usr/lib/gcc/arm-none-eabi/14.2.0/../../../../arm-none-eabi/lib/thumb/v7e-m/nofp/libg_nano.a(libc_a-findfp.o) (_fwalk_sglue)
/usr/lib/gcc/arm-none-eabi/14.2.0/../../../../arm-none-eabi/lib/thumb/v7e-m/nofp/libg_nano.a(libc_a-stdio.o)
                              /usr/lib/gcc/arm-none-eabi/14.2.0/../../../../arm-none-eabi/lib/thumb/v7e-m/nofp/libg_nano.a(libc_a-findfp.o) (__sread)
/usr/lib/gcc/arm-none-eabi/14.2.0/../../../../arm-none-eabi/lib/thumb/v7e-m/nofp/libg_nano.a(libc_a-memset.o)
                              /usr/lib/gcc/arm-none-eabi/14.2.0/../../../../arm-none-eabi/lib/thumb/v7e-m/nofp/crt0.o (memset)
/usr/lib/gcc/arm-none-eabi/14.2.0/../../../../arm-none-eabi/lib/thumb/v7e-m/nofp/libg_nano.a(libc_a-closer.o)
                              /usr/lib/gcc/arm-none-eabi/14.2.0/../../../../arm-none-eabi/lib/thumb/v7e-m/nofp/libg_nano.a(libc_a-stdio.o) (_close_r)
/usr/lib/gcc/arm-none-eabi/14.2.0/../../../../arm-none-eabi/lib/thumb/v7e-m/nofp/libg_nano.a(libc_a-reent.o)
                              /usr/lib/gcc/arm-none-eabi/14.2.0/../../../../arm-none-eabi/lib/thumb/v7e-m/nofp/libg_nano.a(libc_a-closer.o) (errno)
/usr/lib/gcc/arm-none-eabi/14.2.0/../../../../arm-none-eabi/lib/thumb/v7e-m/nofp/libg_nano.a(libc_a-impure.o)
                              /usr/lib/gcc/arm-none-eabi/14.2.0/../../../../arm-none-eabi/lib/thumb/v7e-m/nofp/libg_nano.a(libc_a-reent.o) (_impure_ptr)
/usr/lib/gcc/arm-none-eabi/14.2.0/../../../../arm-none-eabi/lib/thumb/v7e-m/nofp/libg_nano.a(libc_a-lseekr.o)
                              /usr/lib/gcc/arm-none-eabi/14.2.0/../../../../arm-none-eabi/lib/thumb/v7e-m/nofp/libg_nano.a(libc_a-stdio.o) (_lseek_r)
/usr/lib/gcc/arm-none-eabi/14.2.0/../../../../arm-none-eabi/lib/thumb/v7e-m/nofp/libg_nano.a(libc_a-readr.o)
                              /usr/lib/gcc/arm-none-eabi/14.2.0/../../../../arm-none-eabi/lib/thumb/v7e-m/nofp/libg_nano.a(libc_a-stdio.o) (_read_r)
/usr/lib/gcc/arm-none-eabi/14.2.0/../../../../arm-none-eabi/lib/thumb/v7e-m/nofp/libg_nano.a(libc_a-writer.o)
                              /usr/lib/gcc/arm-none-eabi/14.2.0/../../../../arm-none-eabi/lib/thumb/v7e-m/nofp/libg_nano.a(libc_a-stdio.o) (_write_r)
/usr/lib/gcc/arm-none-eabi/14.2.0/../../../../arm-none-eabi/lib/thumb/v7e-m/nofp/libg_nano.a(libc_a-errno.o)
                              objdir/stm32f3_sysmem.o (__errno)
/usr/lib/gcc/arm-none-eabi/14.2.0/../../../../arm-none-eabi/lib/thumb/v7e-m/nofp/libg_nano.a(libc_a-init.o)
                              /usr/lib/gcc/arm-none-eabi/14.2.0/../../../../arm-none-eabi/lib/thumb/v7e-m/nofp/crt0.o (__libc_init_array)
/usr/lib/gcc/arm-none-eabi/14.2.0/../../../../arm-none-eabi/lib/thumb/v7e-m/nofp/libg_nano.a(libc_a-fini.o)
                              /usr/lib/gcc/arm-none-eabi/14.2.0/../../../../arm-none-eabi/lib/thumb/v7e-m/nofp/crt0.o (__libc_fini_array)
/usr/lib/gcc/arm-none-eabi/14.2.0/../../../../arm-none-eabi/lib/thumb/v7e-m/nofp/libg_nano.a(libc_a-lock.o)
                              /usr/lib/gcc/arm-none-eabi/14.2.0/../../../../arm-none-eabi/lib/thumb/v7e-m/nofp/libg_nano.a(libc_a-findfp.o) (__retarget_lock_init_recursive)
/usr/lib/gcc/arm-none-eabi/14.2.0/../../../../arm-none-eabi/lib/thumb/v7e-m/nofp/libg_nano.a(libc_a-__atexit.o)
                              /usr/lib/gcc/arm-none-eabi/14.2.0/../../../../arm-none-eabi/lib/thumb/v7e-m/nofp/libg_nano.a(libc_a-atexit.o) (__register_exitproc)
/usr/lib/gcc/arm-none-eabi/14.2.0/../../../../arm-none-eabi/lib/thumb/v7e-m/nofp/libg_nano.a(libc_a-__call_atexit.o)
                              /usr/lib/gcc/arm-none-eabi/14.2.0/../../../../arm-none-eabi/lib/thumb/v7e-m/nofp/libg_nano.a(libc_a-__atexit.o) (__call_exitprocs)
/usr/lib/gcc/arm-none-eabi/14.2.0/../../../../arm-none-eabi/lib/thumb/v7e-m/nofp/libg_nano.a(libc_a-freer.o)
                              /usr/lib/gcc/arm-none-eabi/14.2.0/../../../../arm-none-eabi/lib/thumb/v7e-m/nofp/libg_nano.a(libc_a-reent.o) (_free_r)
/usr/lib/gcc/arm-none-eabi/14.2.0/../../../../arm-none-eabi/lib/thumb/v7e-m/nofp/libg_nano.a(libc_a-mallocr.o)
[...]
Memory Configuration

Name             Origin             Length             Attributes
RAM              0x20000000         0x0000a000         xrw
ROM              0x08000000         0x00040000         xr
*default*        0x00000000         0xffffffff

Linker script and memory map

LOAD /usr/lib/gcc/arm-none-eabi/14.2.0/thumb/v7e-m/nofp/crti.o
LOAD /usr/lib/gcc/arm-none-eabi/14.2.0/thumb/v7e-m/nofp/crtbegin.o
LOAD /usr/lib/gcc/arm-none-eabi/14.2.0/../../../../arm-none-eabi/lib/thumb/v7e-m/nofp/crt0.o
LOAD objdir/main.o
LOAD objdir/network.o
LOAD objdir/code_multiply.o
LOAD objdir/simpleserial.o
LOAD objdir/stm32f3_hal.o
LOAD objdir/stm32f3_hal_lowlevel.o
LOAD objdir/stm32f3_sysmem.o
LOAD objdir/stm32f3_startup.o
LOAD /usr/lib/gcc/arm-none-eabi/14.2.0/../../../../arm-none-eabi/lib/thumb/v7e-m/nofp/libm.a
LOAD /usr/lib/gcc/arm-none-eabi/14.2.0/../../../../arm-none-eabi/lib/thumb/v7e-m/nofp/libm.a
START GROUP
LOAD /usr/lib/gcc/arm-none-eabi/14.2.0/thumb/v7e-m/nofp/libgcc.a
LOAD /usr/lib/gcc/arm-none-eabi/14.2.0/../../../../arm-none-eabi/lib/thumb/v7e-m/nofp/libg_nano.a
LOAD /usr/lib/gcc/arm-none-eabi/14.2.0/../../../../arm-none-eabi/lib/thumb/v7e-m/nofp/libc_nano.a
END GROUP
START GROUP
LOAD /usr/lib/gcc/arm-none-eabi/14.2.0/thumb/v7e-m/nofp/libgcc.a
LOAD /usr/lib/gcc/arm-none-eabi/14.2.0/../../../../arm-none-eabi/lib/thumb/v7e-m/nofp/libc_nano.a
LOAD /usr/lib/gcc/arm-none-eabi/14.2.0/../../../../arm-none-eabi/lib/thumb/v7e-m/nofp/libnosys.a
END GROUP
START GROUP
LOAD /usr/lib/gcc/arm-none-eabi/14.2.0/thumb/v7e-m/nofp/libgcc.a
LOAD /usr/lib/gcc/arm-none-eabi/14.2.0/../../../../arm-none-eabi/lib/thumb/v7e-m/nofp/libc_nano.a
LOAD /usr/lib/gcc/arm-none-eabi/14.2.0/../../../../arm-none-eabi/lib/thumb/v7e-m/nofp/libnosys.a
END GROUP
LOAD /usr/lib/gcc/arm-none-eabi/14.2.0/thumb/v7e-m/nofp/crtend.o
LOAD /usr/lib/gcc/arm-none-eabi/14.2.0/thumb/v7e-m/nofp/crtn.o
                0x2000a000                        _estack = 0x2000a000
                0x00000000                        _Min_Heap_Size = 0x0
                0x00000400                        _Min_Stack_Size = 0x400

.isr_vector     0x08000000      0x188
                0x08000000                        . = ALIGN (0x4)
 *(.isr_vector)
 .isr_vector    0x08000000      0x188 objdir/stm32f3_startup.o
                0x08000000                g_pfnVectors
                0x08000188                        . = ALIGN (0x4)

.text           0x08000188     0x1240
                0x08000188                        . = ALIGN (0x4)
 *(.text)
 *(.text*)
 .text.__do_global_dtors_aux
                0x08000188       0x24 /usr/lib/gcc/arm-none-eabi/14.2.0/thumb/v7e-m/nofp/crtbegin.o
 .text.frame_dummy
                0x080001ac       0x1c /usr/lib/gcc/arm-none-eabi/14.2.0/thumb/v7e-m/nofp/crtbegin.o
 .text.debug_handle
                0x080001c8       0x10 objdir/main.o
                0x080001c8                debug_handle
 .text.handle   0x080001d8       0x4c objdir/main.o
                0x080001d8                handle
 .text.startup.main
                0x08000224       0x34 objdir/main.o
                0x08000224                main
 .text.network_forward
                0x08000258      0x134 objdir/network.o
                0x08000258                network_forward
 .text.multiply_codes
                0x0800038c       0x34 objdir/code_multiply.o
                0x0800038c                multiply_codes
 .text.ss_crc   0x080003c0       0x2c objdir/simpleserial.o
                0x080003c0                ss_crc
 .text.stuff_data
                0x080003ec       0x22 objdir/simpleserial.o
                0x080003ec                stuff_data
 .text.unstuff_data
                0x0800040e       0x1e objdir/simpleserial.o
                0x0800040e                unstuff_data
 .text.simpleserial_addcmd
                0x0800042c       0x34 objdir/simpleserial.o
                0x0800042c                simpleserial_addcmd
 .text.simpleserial_init
                0x08000460       0x24 objdir/simpleserial.o
                0x08000460                simpleserial_init
 .text.simpleserial_put
                0x08000484       0x5a objdir/simpleserial.o
                0x08000484                simpleserial_put
 .text.check_version
                0x080004de       0x1c objdir/simpleserial.o
                0x080004de                check_version
 *fill*         0x080004fa        0x2 
 .text.ss_get_commands
                0x080004fc       0x3c objdir/simpleserial.o
                0x080004fc                ss_get_commands
 .text.simpleserial_get
                0x08000538       0xdc objdir/simpleserial.o
                0x08000538                simpleserial_get
 .text.platform_init
                0x08000614       0x7c objdir/stm32f3_hal.o
                0x08000614                platform_init
 .text.init_uart
                0x08000690       0x7c objdir/stm32f3_hal.o
                0x08000690                init_uart
 .text.trigger_setup
                0x0800070c       0x48 objdir/stm32f3_hal.o
                0x0800070c                trigger_setup
 .text.trigger_high
                0x08000754        0xe objdir/stm32f3_hal.o
                0x08000754                trigger_high
 .text.trigger_low
                0x08000762        0xe objdir/stm32f3_hal.o
                0x08000762                trigger_low
 .text.getch    0x08000770       0x30 objdir/stm32f3_hal.o
                0x08000770                getch
 .text.putch    0x080007a0       0x20 objdir/stm32f3_hal.o
                0x080007a0                putch
 .text.HAL_GetTick
                0x080007c0       0x10 objdir/stm32f3_hal_lowlevel.o
                0x080007c0                HAL_GetTick
 .text.HAL_RCC_OscConfig
                0x080007d0      0x48c objdir/stm32f3_hal_lowlevel.o
                0x080007d0                HAL_RCC_OscConfig
 .text.HAL_RCC_ClockConfig
                0x08000c5c      0x140 objdir/stm32f3_hal_lowlevel.o
                0x08000c5c                HAL_RCC_ClockConfig
 .text.HAL_GPIO_Init
                0x08000d9c      0x17c objdir/stm32f3_hal_lowlevel.o
                0x08000d9c                HAL_GPIO_Init
 .text.HAL_GPIO_WritePin
                0x08000f18        0xa objdir/stm32f3_hal_lowlevel.o
                0x08000f18                HAL_GPIO_WritePin
 *fill*         0x08000f22        0x2 
 .text.UART_SetConfig
                0x08000f24      0x15c objdir/stm32f3_hal_lowlevel.o
                0x08000f24                UART_SetConfig
 .text.UART_WaitOnFlagUntilTimeout
                0x08001080       0x62 objdir/stm32f3_hal_lowlevel.o
                0x08001080                UART_WaitOnFlagUntilTimeout
 .text.UART_CheckIdleState
                0x080010e2       0x62 objdir/stm32f3_hal_lowlevel.o
                0x080010e2                UART_CheckIdleState
 .text.HAL_UART_Init
                0x08001144       0x54 objdir/stm32f3_hal_lowlevel.o
                0x08001144                HAL_UART_Init
 .text.HAL_UART_Transmit
                0x08001198       0xac objdir/stm32f3_hal_lowlevel.o
                0x08001198                HAL_UART_Transmit
 .text.HAL_UART_Receive
                0x08001244       0xd6 objdir/stm32f3_hal_lowlevel.o
                0x08001244                HAL_UART_Receive
 *fill*         0x0800131a        0x2 
 .text.Reset_Handler
                0x0800131c       0x48 objdir/stm32f3_startup.o
                0x0800131c                Reset_Handler
 .text.Default_Handler
                0x08001364        0x2 objdir/stm32f3_startup.o
                0x08001364                DebugMon_Handler
                0x08001364                HardFault_Handler
                0x08001364                SysTick_Handler
                0x08001364                PendSV_Handler
                0x08001364                NMI_Handler
                0x08001364                UsageFault_Handler
                0x08001364                Default_Handler
                0x08001364                MemManage_Handler
                0x08001364                SVC_Handler
                0x08001364                BusFault_Handler
 *fill*         0x08001366        0x2 
 .text.__libc_init_array
                0x08001368       0x48 /usr/lib/gcc/arm-none-eabi/14.2.0/../../../../arm-none-eabi/lib/thumb/v7e-m/nofp/libg_nano.a(libc_a-init.o)
                0x08001368                __libc_init_array
 *(.glue_7)
 .glue_7        0x080013b0        0x0 linker stubs
 *(.glue_7t)
 .glue_7t       0x080013b0        0x0 linker stubs
 *(.eh_frame)
 .eh_frame      0x080013b0        0x0 /usr/lib/gcc/arm-none-eabi/14.2.0/thumb/v7e-m/nofp/crtbegin.o
 *(.init)
 .init          0x080013b0        0x4 /usr/lib/gcc/arm-none-eabi/14.2.0/thumb/v7e-m/nofp/crti.o
                0x080013b0                _init
 .init          0x080013b4        0x8 /usr/lib/gcc/arm-none-eabi/14.2.0/thumb/v7e-m/nofp/crtn.o
 *(.fini)
 .fini          0x080013bc        0x4 /usr/lib/gcc/arm-none-eabi/14.2.0/thumb/v7e-m/nofp/crti.o
                0x080013bc                _fini
 .fini          0x080013c0        0x8 /usr/lib/gcc/arm-none-eabi/14.2.0/thumb/v7e-m/nofp/crtn.o
                0x080013c8                        . = ALIGN (0x4)
                0x080013c8                        _etext = .

.vfp11_veneer   0x080013c8        0x0
 .vfp11_veneer  0x080013c8        0x0 linker stubs

.v4_bx          0x080013c8        0x0
 .v4_bx         0x080013c8        0x0 linker stubs

.iplt           0x080013c8        0x0
 .iplt          0x080013c8        0x0 /usr/lib/gcc/arm-none-eabi/14.2.0/thumb/v7e-m/nofp/crtbegin.o

.rodata         0x080013c8     0xe678
                0x080013c8                        . = ALIGN (0x4)
 *(.rodata)
 .rodata        0x080013c8     0xe1de objdir/network.o
 .rodata        0x0800f5a6      0x498 objdir/code_multiply.o
 *(.rodata*)
                0x0800fa40                        . = ALIGN (0x4)
 *fill*         0x0800fa3e        0x2 

.rel.dyn        0x0800fa40        0x0
 .rel.iplt      0x0800fa40        0x0 /usr/lib/gcc/arm-none-eabi/14.2.0/thumb/v7e-m/nofp/crtbegin.o

.ARM.extab      0x0800fa40        0x0
                0x0800fa40                        . = ALIGN (0x4)
 *(.ARM.extab* .gnu.linkonce.armextab.*)
                0x0800fa40                        . = ALIGN (0x4)

.ARM            0x0800fa40        0x0
                0x0800fa40                        . = ALIGN (0x4)
                0x0800fa40                        __exidx_start = .
 *(.ARM.exidx*)
                0x0800fa40                        __exidx_end = .
                0x0800fa40                        . = ALIGN (0x4)

.preinit_array  0x0800fa40        0x0
                0x0800fa40                        . = ALIGN (0x4)
                0x0800fa40                        PROVIDE (__preinit_array_start = .)
 *(.preinit_array*)
                0x0800fa40                        PROVIDE (__preinit_array_end = .)
                0x0800fa40                        . = ALIGN (0x4)

.init_array     0x0800fa40        0x4
                0x0800fa40                        . = ALIGN (0x4)
                0x0800fa40                        PROVIDE (__init_array_start = .)
 *(SORT_BY_NAME(.init_array.*))
 *(.init_array*)
 .init_array    0x0800fa40        0x4 /usr/lib/gcc/arm-none-eabi/14.2.0/thumb/v7e-m/nofp/crtbegin.o
                0x0800fa44                        PROVIDE (__init_array_end = .)
                0x0800fa44                        . = ALIGN (0x4)

.fini_array     0x0800fa44        0x4
                0x0800fa44                        . = ALIGN (0x4)
                0x0800fa44                        PROVIDE (__fini_array_start = .)
 *(SORT_BY_NAME(.fini_array.*))
 *(.fini_array*)
 .fini_array    0x0800fa44        0x4 /usr/lib/gcc/arm-none-eabi/14.2.0/thumb/v7e-m/nofp/crtbegin.o
                0x0800fa48                        PROVIDE (__fini_array_end = .)
                0x0800fa48                        . = ALIGN (0x4)
                0x0800fa48                        _sidata = LOADADDR (.data)

.data           0x20000000        0x0 load address 0x0800fa48
                0x20000000                        . = ALIGN (0x4)
                0x20000000                        _sdata = .
 *(.data)
 *(.data*)
                0x20000000                        . = ALIGN (0x4)
                0x20000000                        _edata = .

.igot.plt       0x20000000        0x0 load address 0x0800fa48
 .igot.plt      0x20000000        0x0 /usr/lib/gcc/arm-none-eabi/14.2.0/thumb/v7e-m/nofp/crtbegin.o
                0x20000000                        . = ALIGN (0x4)

.bss            0x20000000      0x158 load address 0x0800fa48
                0x20000000                        _sbss = .
                0x20000000                        __bss_start__ = _sbss
 *(.bss)
 .bss           0x20000000       0xc4 objdir/simpleserial.o
 .bss           0x200000c4       0x70 objdir/stm32f3_hal.o
                0x200000c4                UartHandle
 .bss           0x20000134        0x8 objdir/stm32f3_hal_lowlevel.o
                0x20000134                hal_sys_tick
                0x20000138                uwTick
 *(.bss*)
 .bss.completed.1
                0x2000013c        0x1 /usr/lib/gcc/arm-none-eabi/14.2.0/thumb/v7e-m/nofp/crtbegin.o
 *fill*         0x2000013d        0x3 
 .bss.object.0  0x20000140       0x18 /usr/lib/gcc/arm-none-eabi/14.2.0/thumb/v7e-m/nofp/crtbegin.o
 *(COMMON)
                0x20000158                        . = ALIGN (0x4)
                0x20000158                        _ebss = .
                0x20000158                        __bss_end__ = _ebss

._user_heap_stack
                0x20000158      0x400 load address 0x0800fa48
                0x20000158                        . = ALIGN (0x8)
                0x20000158                        PROVIDE (end = .)
                [!provide]                        PROVIDE (_end = .)
                0x20000158                        . = (. + _Min_Heap_Size)
                0x20000558                        . = (. + _Min_Stack_Size)
 *fill*         0x20000158      0x400 
                0x20000558                        . = ALIGN (0x8)

/DISCARD/
 libc.a(*)
 libm.a(*)
 libgcc.a(*)

.ARM.attributes
                0x00000000       0x2a
 *(.ARM.attributes)
 .ARM.attributes
                0x00000000       0x1e /usr/lib/gcc/arm-none-eabi/14.2.0/thumb/v7e-m/nofp/crti.o
 .ARM.attributes
                0x0000001e       0x2e /usr/lib/gcc/arm-none-eabi/14.2.0/thumb/v7e-m/nofp/crtbegin.o
 .ARM.attributes
                0x0000004c       0x2e objdir/main.o
 .ARM.attributes
                0x0000007a       0x2e objdir/network.o
 .ARM.attributes
                0x000000a8       0x2e objdir/code_multiply.o
 .ARM.attributes
                0x000000d6       0x2e objdir/simpleserial.o
 .ARM.attributes
                0x00000104       0x2e objdir/stm32f3_hal.o
 .ARM.attributes
                0x00000132       0x2e objdir/stm32f3_hal_lowlevel.o
 .ARM.attributes
                0x00000160       0x21 objdir/stm32f3_startup.o
 .ARM.attributes
                0x00000181       0x2e /usr/lib/gcc/arm-none-eabi/14.2.0/../../../../arm-none-eabi/lib/thumb/v7e-m/nofp/libg_nano.a(libc_a-init.o)
 .ARM.attributes
                0x000001af       0x1e /usr/lib/gcc/arm-none-eabi/14.2.0/thumb/v7e-m/nofp/crtn.o
OUTPUT(simpleserial-target-CWLITEARM.elf elf32-littlearm)
LOAD linker stubs
LOAD /usr/lib/gcc/arm-none-eabi/14.2.0/../../../../arm-none-eabi/lib/thumb/v7e-m/nofp/libc.a
LOAD /usr/lib/gcc/arm-none-eabi/14.2.0/../../../../arm-none-eabi/lib/thumb/v7e-m/nofp/libm.a
LOAD /usr/lib/gcc/arm-none-eabi/14.2.0/thumb/v7e-m/nofp/libgcc.a

.debug_info     0x00000000     0x4a2a
 .debug_info    0x00000000      0x6b0 objdir/main.o
 .debug_info    0x000006b0      0x4f0 objdir/network.o
 .debug_info    0x00000ba0      0x15d objdir/code_multiply.o
 .debug_info    0x00000cfd      0x7ea objdir/simpleserial.o
 .debug_info    0x000014e7      0xf54 objdir/stm32f3_hal.o
 .debug_info    0x0000243b     0x24e4 objdir/stm32f3_hal_lowlevel.o
 .debug_info    0x0000491f      0x10b /usr/lib/gcc/arm-none-eabi/14.2.0/../../../../arm-none-eabi/lib/thumb/v7e-m/nofp/libg_nano.a(libc_a-init.o)

.debug_abbrev   0x00000000      0xe7c
 .debug_abbrev  0x00000000      0x217 objdir/main.o
 .debug_abbrev  0x00000217      0x1b7 objdir/network.o
 .debug_abbrev  0x000003ce       0xf2 objdir/code_multiply.o
 .debug_abbrev  0x000004c0      0x22f objdir/simpleserial.o
 .debug_abbrev  0x000006ef      0x24c objdir/stm32f3_hal.o
 .debug_abbrev  0x0000093b      0x478 objdir/stm32f3_hal_lowlevel.o
 .debug_abbrev  0x00000db3       0xc9 /usr/lib/gcc/arm-none-eabi/14.2.0/../../../../arm-none-eabi/lib/thumb/v7e-m/nofp/libg_nano.a(libc_a-init.o)

.debug_loc      0x00000000     0x29e7
 .debug_loc     0x00000000      0x3c2 objdir/main.o
 .debug_loc     0x000003c2      0x43c objdir/network.o
 .debug_loc     0x000007fe       0x91 objdir/code_multiply.o
 .debug_loc     0x0000088f      0x99b objdir/simpleserial.o
 .debug_loc     0x0000122a      0x1b6 objdir/stm32f3_hal.o
 .debug_loc     0x000013e0     0x1607 objdir/stm32f3_hal_lowlevel.o

.debug_aranges  0x00000000      0x200
 .debug_aranges
                0x00000000       0x30 objdir/main.o
 .debug_aranges
                0x00000030       0x20 objdir/network.o
 .debug_aranges
                0x00000050       0x20 objdir/code_multiply.o
 .debug_aranges
                0x00000070       0x70 objdir/simpleserial.o
 .debug_aranges
                0x000000e0       0x60 objdir/stm32f3_hal.o
 .debug_aranges
                0x00000140       0xa0 objdir/stm32f3_hal_lowlevel.o
 .debug_aranges
                0x000001e0       0x20 /usr/lib/gcc/arm-none-eabi/14.2.0/../../../../arm-none-eabi/lib/thumb/v7e-m/nofp/libg_nano.a(libc_a-init.o)

.debug_ranges   0x00000000      0x538
 .debug_ranges  0x00000000       0x38 objdir/main.o
 .debug_ranges  0x00000038      0x110 objdir/network.o
 .debug_ranges  0x00000148       0x30 objdir/code_multiply.o
 .debug_ranges  0x00000178       0xf0 objdir/simpleserial.o
 .debug_ranges  0x00000268       0xc0 objdir/stm32f3_hal.o
 .debug_ranges  0x00000328      0x210 objdir/stm32f3_hal_lowlevel.o

.debug_line     0x00000000     0x272c
 .debug_line    0x00000000      0x1fa objdir/main.o
 .debug_line    0x000001fa      0x26c objdir/network.o
 .debug_line    0x00000466       0xf5 objdir/code_multiply.o
 .debug_line    0x0000055b      0x5e5 objdir/simpleserial.o
 .debug_line    0x00000b40      0x36b objdir/stm32f3_hal.o
 .debug_line    0x00000eab     0x176c objdir/stm32f3_hal_lowlevel.o
 .debug_line    0x00002617      0x115 /usr/lib/gcc/arm-none-eabi/14.2.0/../../../../arm-none-eabi/lib/thumb/v7e-m/nofp/libg_nano.a(libc_a-init.o)

.debug_str      0x00000000     0x15d7
 .debug_str     0x00000000     0x15d7 objdir/main.o
                                0x33d (size before relaxing)
 .debug_str     0x000015d7      0x303 objdir/network.o
 .debug_str     0x000015d7      0x215 objdir/code_multiply.o
 .debug_str     0x000015d7      0x35e objdir/simpleserial.o
 .debug_str     0x000015d7      0x997 objdir/stm32f3_hal.o
 .debug_str     0x000015d7     0x11c0 objdir/stm32f3_hal_lowlevel.o
 .debug_str     0x000015d7      0x21a /usr/lib/gcc/arm-none-eabi/14.2.0/../../../../arm-none-eabi/lib/thumb/v7e-m/nofp/libg_nano.a(libc_a-init.o)

.comment        0x00000000       0x1e
 .comment       0x00000000       0x1e objdir/main.o
                                 0x1f (size before relaxing)
 .comment       0x0000001e       0x1f objdir/network.o
 .comment       0x0000001e       0x1f objdir/code_multiply.o
 .comment       0x0000001e       0x1f objdir/simpleserial.o
 .comment       0x0000001e       0x1f objdir/stm32f3_hal.o
 .comment       0x0000001e       0x1f objdir/stm32f3_hal_lowlevel.o
 .comment       0x0000001e       0x1f /usr/lib/gcc/arm-none-eabi/14.2.0/../../../../arm-none-eabi/lib/thumb/v7e-m/nofp/libg_nano.a(libc_a-init.o)

.debug_frame    0x00000000      0x528
 .debug_frame   0x00000000       0x60 objdir/main.o
 .debug_frame   0x00000060       0x40 objdir/network.o
 .debug_frame   0x000000a0       0x2c objdir/code_multiply.o
 .debug_frame   0x000000cc      0x164 objdir/simpleserial.o
 .debug_frame   0x00000230       0xec objdir/stm32f3_hal.o
 .debug_frame   0x0000031c      0x1e0 objdir/stm32f3_hal_lowlevel.o
 .debug_frame   0x000004fc       0x2c /usr/lib/gcc/arm-none-eabi/14.2.0/../../../../arm-none-eabi/lib/thumb/v7e-m/nofp/libg_nano.a(libc_a-init.o)

.stab           0x00000000      0x144
 .stab          0x00000000      0x144 objdir/stm32f3_startup.o

.stabstr        0x00000000       0x31
 .stabstr       0x00000000       0x31 objdir/stm32f3_startup.o

.debug_loclists
                0x00000000       0x54
 .debug_loclists
                0x00000000       0x54 /usr/lib/gcc/arm-none-eabi/14.2.0/../../../../arm-none-eabi/lib/thumb/v7e-m/nofp/libg_nano.a(libc_a-init.o)

.debug_rnglists
                0x00000000       0x13
 .debug_rnglists
                0x00000000       0x13 /usr/lib/gcc/arm-none-eabi/14.2.0/../../../../arm-none-eabi/lib/thumb/v7e-m/nofp/libg_nano.a(libc_a-init.o)

Cross Reference Table

Symbol                                            File
BusFault_Handler                                  objdir/stm32f3_startup.o
DebugMon_Handler                                  objdir/stm32f3_startup.o
Default_Handler                                   objdir/stm32f3_startup.o
HAL_GPIO_Init                                     objdir/stm32f3_hal_lowlevel.o
                                                  objdir/stm32f3_hal.o
HAL_GPIO_WritePin                                 objdir/stm32f3_hal_lowlevel.o
                                                  objdir/stm32f3_hal.o
HAL_GetTick                                       objdir/stm32f3_hal_lowlevel.o
HAL_IncTick                                       objdir/stm32f3_hal_lowlevel.o
HAL_InitTick                                      objdir/stm32f3_hal_lowlevel.o
HAL_NVIC_SetPriority                              objdir/stm32f3_hal_lowlevel.o
HAL_RCC_ClockConfig                               objdir/stm32f3_hal_lowlevel.o
                                                  objdir/stm32f3_hal.o
HAL_RCC_GetPCLK1Freq                              objdir/stm32f3_hal_lowlevel.o
HAL_RCC_GetPCLK2Freq                              objdir/stm32f3_hal_lowlevel.o
HAL_RCC_GetSysClockFreq                           objdir/stm32f3_hal_lowlevel.o
HAL_RCC_OscConfig                                 objdir/stm32f3_hal_lowlevel.o
                                                  objdir/stm32f3_hal.o
HAL_UART_Init                                     objdir/stm32f3_hal_lowlevel.o
                                                  objdir/stm32f3_hal.o
HAL_UART_Receive                                  objdir/stm32f3_hal_lowlevel.o
                                                  objdir/stm32f3_hal.o
HAL_UART_Transmit                                 objdir/stm32f3_hal_lowlevel.o
                                                  objdir/stm32f3_hal.o
HardFault_Handler                                 objdir/stm32f3_startup.o
MemManage_Handler                                 objdir/stm32f3_startup.o
NMI_Handler                                       objdir/stm32f3_startup.o
PendSV_Handler                                    objdir/stm32f3_startup.o
Reset_Handler                                     objdir/stm32f3_startup.o
SVC_Handler                                       objdir/stm32f3_startup.o
SysTick_Handler                                   objdir/stm32f3_startup.o
SystemCoreClock                                   objdir/stm32f3_hal_lowlevel.o
SystemInit                                        objdir/stm32f3_startup.o
UART_CheckIdleState                               objdir/stm32f3_hal_lowlevel.o
UART_SetConfig                                    objdir/stm32f3_hal_lowlevel.o
UART_WaitOnFlagUntilTimeout                       objdir/stm32f3_hal_lowlevel.o
UartHandle                                        objdir/stm32f3_hal.o
UsageFault_Handler                                objdir/stm32f3_startup.o
__atexit                                          /usr/lib/gcc/arm-none-eabi/14.2.0/../../../../arm-none-eabi/lib/thumb/v7e-m/nofp/libg_nano.a(libc_a-__call_atexit.o)
                                                  /usr/lib/gcc/arm-none-eabi/14.2.0/../../../../arm-none-eabi/lib/thumb/v7e-m/nofp/libg_nano.a(libc_a-__atexit.o)
__atexit0                                         /usr/lib/gcc/arm-none-eabi/14.2.0/../../../../arm-none-eabi/lib/thumb/v7e-m/nofp/libg_nano.a(libc_a-__atexit.o)
__atexit_dummy                                    /usr/lib/gcc/arm-none-eabi/14.2.0/../../../../arm-none-eabi/lib/thumb/v7e-m/nofp/libg_nano.a(libc_a-__atexit.o)
__atexit_recursive_mutex                          /usr/lib/gcc/arm-none-eabi/14.2.0/../../../../arm-none-eabi/lib/thumb/v7e-m/nofp/libg_nano.a(libc_a-__call_atexit.o)
                                                  /usr/lib/gcc/arm-none-eabi/14.2.0/../../../../arm-none-eabi/lib/thumb/v7e-m/nofp/libg_nano.a(libc_a-__atexit.o)
__bss_end__                                       /usr/lib/gcc/arm-none-eabi/14.2.0/../../../../arm-none-eabi/lib/thumb/v7e-m/nofp/crt0.o
__bss_start__                                     /usr/lib/gcc/arm-none-eabi/14.2.0/../../../../arm-none-eabi/lib/thumb/v7e-m/nofp/crt0.o
__call_exitprocs                                  /usr/lib/gcc/arm-none-eabi/14.2.0/../../../../arm-none-eabi/lib/thumb/v7e-m/nofp/libg_nano.a(libc_a-__call_atexit.o)
                                                  /usr/lib/gcc/arm-none-eabi/14.2.0/../../../../arm-none-eabi/lib/thumb/v7e-m/nofp/libg_nano.a(libc_a-__atexit.o)
                                                  /usr/lib/gcc/arm-none-eabi/14.2.0/../../../../arm-none-eabi/lib/thumb/v7e-m/nofp/libg_nano.a(libc_a-exit.o)
__deregister_frame_info                           /usr/lib/gcc/arm-none-eabi/14.2.0/thumb/v7e-m/nofp/crtbegin.o
__dso_handle                                      /usr/lib/gcc/arm-none-eabi/14.2.0/thumb/v7e-m/nofp/crtbegin.o
__errno                                           /usr/lib/gcc/arm-none-eabi/14.2.0/../../../../arm-none-eabi/lib/thumb/v7e-m/nofp/libg_nano.a(libc_a-errno.o)
                                                  objdir/stm32f3_sysmem.o
__fini_array_end                                  /usr/lib/gcc/arm-none-eabi/14.2.0/../../../../arm-none-eabi/lib/thumb/v7e-m/nofp/libg_nano.a(libc_a-fini.o)
__fini_array_start                                /usr/lib/gcc/arm-none-eabi/14.2.0/../../../../arm-none-eabi/lib/thumb/v7e-m/nofp/libg_nano.a(libc_a-fini.o)
__fp_lock_all                                     /usr/lib/gcc/arm-none-eabi/14.2.0/../../../../arm-none-eabi/lib/thumb/v7e-m/nofp/libg_nano.a(libc_a-findfp.o)
__fp_unlock_all                                   /usr/lib/gcc/arm-none-eabi/14.2.0/../../../../arm-none-eabi/lib/thumb/v7e-m/nofp/libg_nano.a(libc_a-findfp.o)
__init_array_end                                  /usr/lib/gcc/arm-none-eabi/14.2.0/../../../../arm-none-eabi/lib/thumb/v7e-m/nofp/libg_nano.a(libc_a-init.o)
__init_array_start                                /usr/lib/gcc/arm-none-eabi/14.2.0/../../../../arm-none-eabi/lib/thumb/v7e-m/nofp/libg_nano.a(libc_a-init.o)
__libc_fini_array                                 /usr/lib/gcc/arm-none-eabi/14.2.0/../../../../arm-none-eabi/lib/thumb/v7e-m/nofp/libg_nano.a(libc_a-fini.o)
                                                  /usr/lib/gcc/arm-none-eabi/14.2.0/../../../../arm-none-eabi/lib/thumb/v7e-m/nofp/crt0.o
__libc_init_array                                 /usr/lib/gcc/arm-none-eabi/14.2.0/../../../../arm-none-eabi/lib/thumb/v7e-m/nofp/libg_nano.a(libc_a-init.o)
                                                  objdir/stm32f3_startup.o
                                                  /usr/lib/gcc/arm-none-eabi/14.2.0/../../../../arm-none-eabi/lib/thumb/v7e-m/nofp/crt0.o
__lock___arc4random_mutex                         /usr/lib/gcc/arm-none-eabi/14.2.0/../../../../arm-none-eabi/lib/thumb/v7e-m/nofp/libg_nano.a(libc_a-lock.o)
__lock___at_quick_exit_mutex                      /usr/lib/gcc/arm-none-eabi/14.2.0/../../../../arm-none-eabi/lib/thumb/v7e-m/nofp/libg_nano.a(libc_a-lock.o)
__lock___atexit_recursive_mutex                   /usr/lib/gcc/arm-none-eabi/14.2.0/../../../../arm-none-eabi/lib/thumb/v7e-m/nofp/libg_nano.a(libc_a-lock.o)
                                                  /usr/lib/gcc/arm-none-eabi/14.2.0/../../../../arm-none-eabi/lib/thumb/v7e-m/nofp/libg_nano.a(libc_a-__call_atexit.o)
__lock___dd_hash_mutex                            /usr/lib/gcc/arm-none-eabi/14.2.0/../../../../arm-none-eabi/lib/thumb/v7e-m/nofp/libg_nano.a(libc_a-lock.o)
__lock___env_recursive_mutex                      /usr/lib/gcc/arm-none-eabi/14.2.0/../../../../arm-none-eabi/lib/thumb/v7e-m/nofp/libg_nano.a(libc_a-lock.o)
__lock___malloc_recursive_mutex                   /usr/lib/gcc/arm-none-eabi/14.2.0/../../../../arm-none-eabi/lib/thumb/v7e-m/nofp/libg_nano.a(libc_a-lock.o)
                                                  /usr/lib/gcc/arm-none-eabi/14.2.0/../../../../arm-none-eabi/lib/thumb/v7e-m/nofp/libg_nano.a(libc_a-mlock.o)
__lock___sfp_recursive_mutex                      /usr/lib/gcc/arm-none-eabi/14.2.0/../../../../arm-none-eabi/lib/thumb/v7e-m/nofp/libg_nano.a(libc_a-lock.o)
                                                  /usr/lib/gcc/arm-none-eabi/14.2.0/../../../../arm-none-eabi/lib/thumb/v7e-m/nofp/libg_nano.a(libc_a-findfp.o)
__lock___tz_mutex                                 /usr/lib/gcc/arm-none-eabi/14.2.0/../../../../arm-none-eabi/lib/thumb/v7e-m/nofp/libg_nano.a(libc_a-lock.o)
__malloc_free_list                                /usr/lib/gcc/arm-none-eabi/14.2.0/../../../../arm-none-eabi/lib/thumb/v7e-m/nofp/libg_nano.a(libc_a-mallocr.o)
                                                  /usr/lib/gcc/arm-none-eabi/14.2.0/../../../../arm-none-eabi/lib/thumb/v7e-m/nofp/libg_nano.a(libc_a-freer.o)
__malloc_lock                                     /usr/lib/gcc/arm-none-eabi/14.2.0/../../../../arm-none-eabi/lib/thumb/v7e-m/nofp/libg_nano.a(libc_a-mlock.o)
                                                  /usr/lib/gcc/arm-none-eabi/14.2.0/../../../../arm-none-eabi/lib/thumb/v7e-m/nofp/libg_nano.a(libc_a-mallocr.o)
                                                  /usr/lib/gcc/arm-none-eabi/14.2.0/../../../../arm-none-eabi/lib/thumb/v7e-m/nofp/libg_nano.a(libc_a-freer.o)
__malloc_sbrk_start                               /usr/lib/gcc/arm-none-eabi/14.2.0/../../../../arm-none-eabi/lib/thumb/v7e-m/nofp/libg_nano.a(libc_a-mallocr.o)
__malloc_unlock                                   /usr/lib/gcc/arm-none-eabi/14.2.0/../../../../arm-none-eabi/lib/thumb/v7e-m/nofp/libg_nano.a(libc_a-mlock.o)
                                                  /usr/lib/gcc/arm-none-eabi/14.2.0/../../../../arm-none-eabi/lib/thumb/v7e-m/nofp/libg_nano.a(libc_a-mallocr.o)
                                                  /usr/lib/gcc/arm-none-eabi/14.2.0/../../../../arm-none-eabi/lib/thumb/v7e-m/nofp/libg_nano.a(libc_a-freer.o)
__on_exit_args                                    /usr/lib/gcc/arm-none-eabi/14.2.0/../../../../arm-none-eabi/lib/thumb/v7e-m/nofp/libg_nano.a(libc_a-__atexit.o)
__preinit_array_end                               /usr/lib/gcc/arm-none-eabi/14.2.0/../../../../arm-none-eabi/lib/thumb/v7e-m/nofp/libg_nano.a(libc_a-init.o)
__preinit_array_start                             /usr/lib/gcc/arm-none-eabi/14.2.0/../../../../arm-none-eabi/lib/thumb/v7e-m/nofp/libg_nano.a(libc_a-init.o)
__register_exitproc                               /usr/lib/gcc/arm-none-eabi/14.2.0/../../../../arm-none-eabi/lib/thumb/v7e-m/nofp/libg_nano.a(libc_a-__atexit.o)
                                                  /usr/lib/gcc/arm-none-eabi/14.2.0/../../../../arm-none-eabi/lib/thumb/v7e-m/nofp/libg_nano.a(libc_a-atexit.o)
__register_frame_info                             /usr/lib/gcc/arm-none-eabi/14.2.0/thumb/v7e-m/nofp/crtbegin.o
__retarget_lock_acquire                           /usr/lib/gcc/arm-none-eabi/14.2.0/../../../../arm-none-eabi/lib/thumb/v7e-m/nofp/libg_nano.a(libc_a-lock.o)
__retarget_lock_acquire_recursive                 /usr/lib/gcc/arm-none-eabi/14.2.0/../../../../arm-none-eabi/lib/thumb/v7e-m/nofp/libg_nano.a(libc_a-lock.o)
                                                  /usr/lib/gcc/arm-none-eabi/14.2.0/../../../../arm-none-eabi/lib/thumb/v7e-m/nofp/libg_nano.a(libc_a-fflush.o)
                                                  /usr/lib/gcc/arm-none-eabi/14.2.0/../../../../arm-none-eabi/lib/thumb/v7e-m/nofp/libg_nano.a(libc_a-mlock.o)
                                                  /usr/lib/gcc/arm-none-eabi/14.2.0/../../../../arm-none-eabi/lib/thumb/v7e-m/nofp/libg_nano.a(libc_a-__call_atexit.o)
                                                  /usr/lib/gcc/arm-none-eabi/14.2.0/../../../../arm-none-eabi/lib/thumb/v7e-m/nofp/libg_nano.a(libc_a-__atexit.o)
                                                  /usr/lib/gcc/arm-none-eabi/14.2.0/../../../../arm-none-eabi/lib/thumb/v7e-m/nofp/libg_nano.a(libc_a-findfp.o)
__retarget_lock_close                             /usr/lib/gcc/arm-none-eabi/14.2.0/../../../../arm-none-eabi/lib/thumb/v7e-m/nofp/libg_nano.a(libc_a-lock.o)
__retarget_lock_close_recursive                   /usr/lib/gcc/arm-none-eabi/14.2.0/../../../../arm-none-eabi/lib/thumb/v7e-m/nofp/libg_nano.a(libc_a-lock.o)
__retarget_lock_init                              /usr/lib/gcc/arm-none-eabi/14.2.0/../../../../arm-none-eabi/lib/thumb/v7e-m/nofp/libg_nano.a(libc_a-lock.o)
__retarget_lock_init_recursive                    /usr/lib/gcc/arm-none-eabi/14.2.0/../../../../arm-none-eabi/lib/thumb/v7e-m/nofp/libg_nano.a(libc_a-lock.o)
                                                  /usr/lib/gcc/arm-none-eabi/14.2.0/../../../../arm-none-eabi/lib/thumb/v7e-m/nofp/libg_nano.a(libc_a-findfp.o)
__retarget_lock_release                           /usr/lib/gcc/arm-none-eabi/14.2.0/../../../../arm-none-eabi/lib/thumb/v7e-m/nofp/libg_nano.a(libc_a-lock.o)
__retarget_lock_release_recursive                 /usr/lib/gcc/arm-none-eabi/14.2.0/../../../../arm-none-eabi/lib/thumb/v7e-m/nofp/libg_nano.a(libc_a-lock.o)
                                                  /usr/lib/gcc/arm-none-eabi/14.2.0/../../../../arm-none-eabi/lib/thumb/v7e-m/nofp/libg_nano.a(libc_a-fflush.o)
                                                  /usr/lib/gcc/arm-none-eabi/14.2.0/../../../../arm-none-eabi/lib/thumb/v7e-m/nofp/libg_nano.a(libc_a-mlock.o)
                                                  /usr/lib/gcc/arm-none-eabi/14.2.0/../../../../arm-none-eabi/lib/thumb/v7e-m/nofp/libg_nano.a(libc_a-__call_atexit.o)
                                                  /usr/lib/gcc/arm-none-eabi/14.2.0/../../../../arm-none-eabi/lib/thumb/v7e-m/nofp/libg_nano.a(libc_a-__atexit.o)
                                                  /usr/lib/gcc/arm-none-eabi/14.2.0/../../../../arm-none-eabi/lib/thumb/v7e-m/nofp/libg_nano.a(libc_a-findfp.o)
__retarget_lock_try_acquire                       /usr/lib/gcc/arm-none-eabi/14.2.0/../../../../arm-none-eabi/lib/thumb/v7e-m/nofp/libg_nano.a(libc_a-lock.o)
__retarget_lock_try_acquire_recursive             /usr/lib/gcc/arm-none-eabi/14.2.0/../../../../arm-none-eabi/lib/thumb/v7e-m/nofp/libg_nano.a(libc_a-lock.o)
__sclose                                          /usr/lib/gcc/arm-none-eabi/14.2.0/../../../../arm-none-eabi/lib/thumb/v7e-m/nofp/libg_nano.a(libc_a-stdio.o)
                                                  /usr/lib/gcc/arm-none-eabi/14.2.0/../../../../arm-none-eabi/lib/thumb/v7e-m/nofp/libg_nano.a(libc_a-findfp.o)
__seofread                                        /usr/lib/gcc/arm-none-eabi/14.2.0/../../../../arm-none-eabi/lib/thumb/v7e-m/nofp/libg_nano.a(libc_a-stdio.o)
__sf                                              /usr/lib/gcc/arm-none-eabi/14.2.0/../../../../arm-none-eabi/lib/thumb/v7e-m/nofp/libg_nano.a(libc_a-findfp.o)
                                                  /usr/lib/gcc/arm-none-eabi/14.2.0/../../../../arm-none-eabi/lib/thumb/v7e-m/nofp/libg_nano.a(libc_a-impure.o)
__sflush_r                                        /usr/lib/gcc/arm-none-eabi/14.2.0/../../../../arm-none-eabi/lib/thumb/v7e-m/nofp/libg_nano.a(libc_a-fflush.o)
__sfp                                             /usr/lib/gcc/arm-none-eabi/14.2.0/../../../../arm-none-eabi/lib/thumb/v7e-m/nofp/libg_nano.a(libc_a-findfp.o)
__sfp_lock_acquire                                /usr/lib/gcc/arm-none-eabi/14.2.0/../../../../arm-none-eabi/lib/thumb/v7e-m/nofp/libg_nano.a(libc_a-findfp.o)
__sfp_lock_release                                /usr/lib/gcc/arm-none-eabi/14.2.0/../../../../arm-none-eabi/lib/thumb/v7e-m/nofp/libg_nano.a(libc_a-findfp.o)
__sglue                                           /usr/lib/gcc/arm-none-eabi/14.2.0/../../../../arm-none-eabi/lib/thumb/v7e-m/nofp/libg_nano.a(libc_a-findfp.o)
                                                  /usr/lib/gcc/arm-none-eabi/14.2.0/../../../../arm-none-eabi/lib/thumb/v7e-m/nofp/libg_nano.a(libc_a-fflush.o)
__sinit                                           /usr/lib/gcc/arm-none-eabi/14.2.0/../../../../arm-none-eabi/lib/thumb/v7e-m/nofp/libg_nano.a(libc_a-findfp.o)
                                                  /usr/lib/gcc/arm-none-eabi/14.2.0/../../../../arm-none-eabi/lib/thumb/v7e-m/nofp/libg_nano.a(libc_a-fflush.o)
__sread                                           /usr/lib/gcc/arm-none-eabi/14.2.0/../../../../arm-none-eabi/lib/thumb/v7e-m/nofp/libg_nano.a(libc_a-stdio.o)
                                                  /usr/lib/gcc/arm-none-eabi/14.2.0/../../../../arm-none-eabi/lib/thumb/v7e-m/nofp/libg_nano.a(libc_a-findfp.o)
__sseek                                           /usr/lib/gcc/arm-none-eabi/14.2.0/../../../../arm-none-eabi/lib/thumb/v7e-m/nofp/libg_nano.a(libc_a-stdio.o)
                                                  /usr/lib/gcc/arm-none-eabi/14.2.0/../../../../arm-none-eabi/lib/thumb/v7e-m/nofp/libg_nano.a(libc_a-findfp.o)
__stack                                           /usr/lib/gcc/arm-none-eabi/14.2.0/../../../../arm-none-eabi/lib/thumb/v7e-m/nofp/crt0.o
__stdio_exit_handler                              /usr/lib/gcc/arm-none-eabi/14.2.0/../../../../arm-none-eabi/lib/thumb/v7e-m/nofp/libg_nano.a(libc_a-findfp.o)
                                                  /usr/lib/gcc/arm-none-eabi/14.2.0/../../../../arm-none-eabi/lib/thumb/v7e-m/nofp/libg_nano.a(libc_a-exit.o)
__swrite                                          /usr/lib/gcc/arm-none-eabi/14.2.0/../../../../arm-none-eabi/lib/thumb/v7e-m/nofp/libg_nano.a(libc_a-stdio.o)
                                                  /usr/lib/gcc/arm-none-eabi/14.2.0/../../../../arm-none-eabi/lib/thumb/v7e-m/nofp/libg_nano.a(libc_a-findfp.o)
_close                                            /usr/lib/gcc/arm-none-eabi/14.2.0/../../../../arm-none-eabi/lib/thumb/v7e-m/nofp/libnosys.a(close.o)
                                                  /usr/lib/gcc/arm-none-eabi/14.2.0/../../../../arm-none-eabi/lib/thumb/v7e-m/nofp/libg_nano.a(libc_a-closer.o)
_close_r                                          /usr/lib/gcc/arm-none-eabi/14.2.0/../../../../arm-none-eabi/lib/thumb/v7e-m/nofp/libg_nano.a(libc_a-closer.o)
                                                  /usr/lib/gcc/arm-none-eabi/14.2.0/../../../../arm-none-eabi/lib/thumb/v7e-m/nofp/libg_nano.a(libc_a-stdio.o)
_ebss                                             objdir/stm32f3_startup.o
_edata                                            objdir/stm32f3_startup.o
_estack                                           objdir/stm32f3_startup.o
_exit                                             /usr/lib/gcc/arm-none-eabi/14.2.0/../../../../arm-none-eabi/lib/thumb/v7e-m/nofp/libnosys.a(_exit.o)
                                                  /usr/lib/gcc/arm-none-eabi/14.2.0/../../../../arm-none-eabi/lib/thumb/v7e-m/nofp/libg_nano.a(libc_a-exit.o)
_fflush_r                                         /usr/lib/gcc/arm-none-eabi/14.2.0/../../../../arm-none-eabi/lib/thumb/v7e-m/nofp/libg_nano.a(libc_a-fflush.o)
                                                  /usr/lib/gcc/arm-none-eabi/14.2.0/../../../../arm-none-eabi/lib/thumb/v7e-m/nofp/libg_nano.a(libc_a-findfp.o)
_fini                                             /usr/lib/gcc/arm-none-eabi/14.2.0/thumb/v7e-m/nofp/crti.o
                                                  /usr/lib/gcc/arm-none-eabi/14.2.0/../../../../arm-none-eabi/lib/thumb/v7e-m/nofp/libg_nano.a(libc_a-fini.o)
_free_r                                           /usr/lib/gcc/arm-none-eabi/14.2.0/../../../../arm-none-eabi/lib/thumb/v7e-m/nofp/libg_nano.a(libc_a-freer.o)
                                                  /usr/lib/gcc/arm-none-eabi/14.2.0/../../../../arm-none-eabi/lib/thumb/v7e-m/nofp/libg_nano.a(libc_a-fflush.o)
                                                  /usr/lib/gcc/arm-none-eabi/14.2.0/../../../../arm-none-eabi/lib/thumb/v7e-m/nofp/libg_nano.a(libc_a-reent.o)
_fwalk_sglue                                      /usr/lib/gcc/arm-none-eabi/14.2.0/../../../../arm-none-eabi/lib/thumb/v7e-m/nofp/libg_nano.a(libc_a-fwalk.o)
                                                  /usr/lib/gcc/arm-none-eabi/14.2.0/../../../../arm-none-eabi/lib/thumb/v7e-m/nofp/libg_nano.a(libc_a-fflush.o)
                                                  /usr/lib/gcc/arm-none-eabi/14.2.0/../../../../arm-none-eabi/lib/thumb/v7e-m/nofp/libg_nano.a(libc_a-findfp.o)
_impure_data                                      /usr/lib/gcc/arm-none-eabi/14.2.0/../../../../arm-none-eabi/lib/thumb/v7e-m/nofp/libg_nano.a(libc_a-impure.o)
                                                  /usr/lib/gcc/arm-none-eabi/14.2.0/../../../../arm-none-eabi/lib/thumb/v7e-m/nofp/libg_nano.a(libc_a-fflush.o)
                                                  /usr/lib/gcc/arm-none-eabi/14.2.0/../../../../arm-none-eabi/lib/thumb/v7e-m/nofp/libg_nano.a(libc_a-findfp.o)
_impure_ptr                                       /usr/lib/gcc/arm-none-eabi/14.2.0/../../../../arm-none-eabi/lib/thumb/v7e-m/nofp/libg_nano.a(libc_a-impure.o)
                                                  /usr/lib/gcc/arm-none-eabi/14.2.0/../../../../arm-none-eabi/lib/thumb/v7e-m/nofp/libg_nano.a(libc_a-fflush.o)
                                                  /usr/lib/gcc/arm-none-eabi/14.2.0/../../../../arm-none-eabi/lib/thumb/v7e-m/nofp/libg_nano.a(libc_a-errno.o)
                                                  /usr/lib/gcc/arm-none-eabi/14.2.0/../../../../arm-none-eabi/lib/thumb/v7e-m/nofp/libg_nano.a(libc_a-reent.o)
_init                                             /usr/lib/gcc/arm-none-eabi/14.2.0/thumb/v7e-m/nofp/crti.o
                                                  /usr/lib/gcc/arm-none-eabi/14.2.0/../../../../arm-none-eabi/lib/thumb/v7e-m/nofp/libg_nano.a(libc_a-init.o)
_lseek                                            /usr/lib/gcc/arm-none-eabi/14.2.0/../../../../arm-none-eabi/lib/thumb/v7e-m/nofp/libnosys.a(lseek.o)
                                                  /usr/lib/gcc/arm-none-eabi/14.2.0/../../../../arm-none-eabi/lib/thumb/v7e-m/nofp/libg_nano.a(libc_a-lseekr.o)
_lseek_r                                          /usr/lib/gcc/arm-none-eabi/14.2.0/../../../../arm-none-eabi/lib/thumb/v7e-m/nofp/libg_nano.a(libc_a-lseekr.o)
                                                  /usr/lib/gcc/arm-none-eabi/14.2.0/../../../../arm-none-eabi/lib/thumb/v7e-m/nofp/libg_nano.a(libc_a-stdio.o)
_mainCRTStartup                                   /usr/lib/gcc/arm-none-eabi/14.2.0/../../../../arm-none-eabi/lib/thumb/v7e-m/nofp/crt0.o
_malloc_r                                         /usr/lib/gcc/arm-none-eabi/14.2.0/../../../../arm-none-eabi/lib/thumb/v7e-m/nofp/libg_nano.a(libc_a-mallocr.o)
                                                  /usr/lib/gcc/arm-none-eabi/14.2.0/../../../../arm-none-eabi/lib/thumb/v7e-m/nofp/libg_nano.a(libc_a-findfp.o)
_read                                             /usr/lib/gcc/arm-none-eabi/14.2.0/../../../../arm-none-eabi/lib/thumb/v7e-m/nofp/libnosys.a(read.o)
                                                  /usr/lib/gcc/arm-none-eabi/14.2.0/../../../../arm-none-eabi/lib/thumb/v7e-m/nofp/libg_nano.a(libc_a-readr.o)
_read_r                                           /usr/lib/gcc/arm-none-eabi/14.2.0/../../../../arm-none-eabi/lib/thumb/v7e-m/nofp/libg_nano.a(libc_a-readr.o)
                                                  /usr/lib/gcc/arm-none-eabi/14.2.0/../../../../arm-none-eabi/lib/thumb/v7e-m/nofp/libg_nano.a(libc_a-stdio.o)
_reclaim_reent                                    /usr/lib/gcc/arm-none-eabi/14.2.0/../../../../arm-none-eabi/lib/thumb/v7e-m/nofp/libg_nano.a(libc_a-reent.o)
_sbrk                                             objdir/stm32f3_sysmem.o
                                                  /usr/lib/gcc/arm-none-eabi/14.2.0/../../../../arm-none-eabi/lib/thumb/v7e-m/nofp/libg_nano.a(libc_a-sbrkr.o)
_sbrk_r                                           /usr/lib/gcc/arm-none-eabi/14.2.0/../../../../arm-none-eabi/lib/thumb/v7e-m/nofp/libg_nano.a(libc_a-sbrkr.o)
                                                  /usr/lib/gcc/arm-none-eabi/14.2.0/../../../../arm-none-eabi/lib/thumb/v7e-m/nofp/libg_nano.a(libc_a-mallocr.o)
_sbss                                             objdir/stm32f3_startup.o
_sdata                                            objdir/stm32f3_startup.o
_sidata                                           objdir/stm32f3_startup.o
_stack_init                                       /usr/lib/gcc/arm-none-eabi/14.2.0/../../../../arm-none-eabi/lib/thumb/v7e-m/nofp/crt0.o
_start                                            /usr/lib/gcc/arm-none-eabi/14.2.0/../../../../arm-none-eabi/lib/thumb/v7e-m/nofp/crt0.o
_write                                            /usr/lib/gcc/arm-none-eabi/14.2.0/../../../../arm-none-eabi/lib/thumb/v7e-m/nofp/libnosys.a(write.o)
                                                  /usr/lib/gcc/arm-none-eabi/14.2.0/../../../../arm-none-eabi/lib/thumb/v7e-m/nofp/libg_nano.a(libc_a-writer.o)
_write_r                                          /usr/lib/gcc/arm-none-eabi/14.2.0/../../../../arm-none-eabi/lib/thumb/v7e-m/nofp/libg_nano.a(libc_a-writer.o)
                                                  /usr/lib/gcc/arm-none-eabi/14.2.0/../../../../arm-none-eabi/lib/thumb/v7e-m/nofp/libg_nano.a(libc_a-stdio.o)
atexit                                            /usr/lib/gcc/arm-none-eabi/14.2.0/../../../../arm-none-eabi/lib/thumb/v7e-m/nofp/libg_nano.a(libc_a-atexit.o)
                                                  /usr/lib/gcc/arm-none-eabi/14.2.0/../../../../arm-none-eabi/lib/thumb/v7e-m/nofp/crt0.o
change_err_led                                    objdir/stm32f3_hal.o
change_ok_led                                     objdir/stm32f3_hal.o
check_version                                     objdir/simpleserial.o
debug_handle                                      objdir/main.o
end                                               objdir/stm32f3_sysmem.o
errno                                             /usr/lib/gcc/arm-none-eabi/14.2.0/../../../../arm-none-eabi/lib/thumb/v7e-m/nofp/libg_nano.a(libc_a-reent.o)
                                                  /usr/lib/gcc/arm-none-eabi/14.2.0/../../../../arm-none-eabi/lib/thumb/v7e-m/nofp/libnosys.a(write.o)
                                                  /usr/lib/gcc/arm-none-eabi/14.2.0/../../../../arm-none-eabi/lib/thumb/v7e-m/nofp/libnosys.a(read.o)
                                                  /usr/lib/gcc/arm-none-eabi/14.2.0/../../../../arm-none-eabi/lib/thumb/v7e-m/nofp/libnosys.a(lseek.o)
                                                  /usr/lib/gcc/arm-none-eabi/14.2.0/../../../../arm-none-eabi/lib/thumb/v7e-m/nofp/libnosys.a(close.o)
                                                  /usr/lib/gcc/arm-none-eabi/14.2.0/../../../../arm-none-eabi/lib/thumb/v7e-m/nofp/libg_nano.a(libc_a-sbrkr.o)
                                                  /usr/lib/gcc/arm-none-eabi/14.2.0/../../../../arm-none-eabi/lib/thumb/v7e-m/nofp/libg_nano.a(libc_a-writer.o)
                                                  /usr/lib/gcc/arm-none-eabi/14.2.0/../../../../arm-none-eabi/lib/thumb/v7e-m/nofp/libg_nano.a(libc_a-readr.o)
                                                  /usr/lib/gcc/arm-none-eabi/14.2.0/../../../../arm-none-eabi/lib/thumb/v7e-m/nofp/libg_nano.a(libc_a-lseekr.o)
                                                  /usr/lib/gcc/arm-none-eabi/14.2.0/../../../../arm-none-eabi/lib/thumb/v7e-m/nofp/libg_nano.a(libc_a-closer.o)
exit                                              /usr/lib/gcc/arm-none-eabi/14.2.0/../../../../arm-none-eabi/lib/thumb/v7e-m/nofp/libg_nano.a(libc_a-exit.o)
                                                  /usr/lib/gcc/arm-none-eabi/14.2.0/../../../../arm-none-eabi/lib/thumb/v7e-m/nofp/crt0.o
fflush                                            /usr/lib/gcc/arm-none-eabi/14.2.0/../../../../arm-none-eabi/lib/thumb/v7e-m/nofp/libg_nano.a(libc_a-fflush.o)
g_pfnVectors                                      objdir/stm32f3_startup.o
getch                                             objdir/stm32f3_hal.o
                                                  objdir/simpleserial.o
hal_sys_tick                                      objdir/stm32f3_hal_lowlevel.o
handle                                            objdir/main.o
hardware_init_hook                                /usr/lib/gcc/arm-none-eabi/14.2.0/../../../../arm-none-eabi/lib/thumb/v7e-m/nofp/crt0.o
hex_decode                                        objdir/simpleserial.o
init_uart                                         objdir/stm32f3_hal.o
                                                  objdir/main.o
main                                              objdir/main.o
                                                  objdir/stm32f3_startup.o
                                                  /usr/lib/gcc/arm-none-eabi/14.2.0/../../../../arm-none-eabi/lib/thumb/v7e-m/nofp/crt0.o
malloc                                            /usr/lib/gcc/arm-none-eabi/14.2.0/../../../../arm-none-eabi/lib/thumb/v7e-m/nofp/libg_nano.a(libc_a-__atexit.o)
memset                                            /usr/lib/gcc/arm-none-eabi/14.2.0/../../../../arm-none-eabi/lib/thumb/v7e-m/nofp/libg_nano.a(libc_a-memset.o)
                                                  /usr/lib/gcc/arm-none-eabi/14.2.0/../../../../arm-none-eabi/lib/thumb/v7e-m/nofp/libg_nano.a(libc_a-findfp.o)
                                                  /usr/lib/gcc/arm-none-eabi/14.2.0/../../../../arm-none-eabi/lib/thumb/v7e-m/nofp/crt0.o
multiply_codes                                    objdir/code_multiply.o
                                                  objdir/network.o
network_forward                                   objdir/network.o
                                                  objdir/main.o
platform_init                                     objdir/stm32f3_hal.o
                                                  objdir/main.o
putch                                             objdir/stm32f3_hal.o
                                                  objdir/simpleserial.o
simpleserial_addcmd                               objdir/simpleserial.o
                                                  objdir/main.o
simpleserial_get                                  objdir/simpleserial.o
                                                  objdir/main.o
simpleserial_init                                 objdir/simpleserial.o
                                                  objdir/main.o
simpleserial_put                                  objdir/simpleserial.o
                                                  objdir/main.o
software_init_hook                                /usr/lib/gcc/arm-none-eabi/14.2.0/../../../../arm-none-eabi/lib/thumb/v7e-m/nofp/crt0.o
ss_crc                                            objdir/simpleserial.o
ss_get_commands                                   objdir/simpleserial.o
ss_puts                                           objdir/simpleserial.o
stuff_data                                        objdir/simpleserial.o
trigger_high                                      objdir/stm32f3_hal.o
                                                  objdir/main.o
trigger_low                                       objdir/stm32f3_hal.o
                                                  objdir/main.o
trigger_setup                                     objdir/stm32f3_hal.o
                                                  objdir/main.o
unstuff_data                                      objdir/simpleserial.o
uwTick                                            objdir/stm32f3_hal_lowlevel.o
